<?xml version="1.0" encoding="utf-8"?><testsuites name="pytest tests"><testsuite name="pytest" errors="0" failures="0" skipped="0" tests="20" time="1.210" timestamp="2026-04-28T16:04:30.229662+05:30" hostname="01HW2048295"><testcase classname="test_app" name="test_index_returns_200" time="0.037" /><testcase classname="test_app" name="test_index_message" time="0.014" /><testcase classname="test_app" name="test_get_programs" time="0.010" /><testcase classname="test_app" name="test_get_valid_program" time="0.011" /><testcase classname="test_app" name="test_get_invalid_program" time="0.010" /><testcase classname="test_app" name="test_add_client_success" time="0.012" /><testcase classname="test_app" name="test_add_client_missing_name" time="0.009" /><testcase classname="test_app" name="test_add_client_missing_program" time="0.009" /><testcase classname="test_app" name="test_add_client_invalid_program" time="0.009" /><testcase classname="test_app" name="test_get_existing_client" time="0.015" /><testcase classname="test_app" name="test_get_nonexistent_client" time="0.010" /><testcase classname="test_app" name="test_delete_client" time="0.018" /><testcase classname="test_app" name="test_get_all_clients" time="0.016" /><testcase classname="test_app" name="test_calorie_calculation_fat_loss" time="0.009" /><testcase classname="test_app" name="test_calorie_calculation_muscle_gain" time="0.009" /><testcase classname="test_app" name="test_calorie_missing_fields" time="0.009" /><testcase classname="test_app" name="test_calorie_invalid_program" time="0.011" /><testcase classname="test_app" name="test_save_progress" time="0.012" /><testcase classname="test_app" name="test_save_progress_missing_fields" time="0.009" /><testcase classname="test_app" name="test_get_progress" time="0.017" /></testsuite></testsuites>